Archive member included to satisfy reference by file (symbol)

C:/ST/STM32CubeIDE_1.13.0/STM32CubeIDE/plugins/com.st.stm32cube.ide.mcu.externaltools.gnu-tools-for-stm32.11.3.rel1.win32_1.1.0.202305231506/tools/bin/../lib/gcc/arm-none-eabi/11.3.1/../../../../arm-none-eabi/lib/thumb/v7-m/nofp\libc_nano.a(libc_a-exit.o)
                              C:/ST/STM32CubeIDE_1.13.0/STM32CubeIDE/plugins/com.st.stm32cube.ide.mcu.externaltools.gnu-tools-for-stm32.11.3.rel1.win32_1.1.0.202305231506/tools/bin/../lib/gcc/arm-none-eabi/11.3.1/../../../../arm-none-eabi/lib/thumb/v7-m/nofp/crt0.o (exit)
C:/ST/STM32CubeIDE_1.13.0/STM32CubeIDE/plugins/com.st.stm32cube.ide.mcu.externaltools.gnu-tools-for-stm32.11.3.rel1.win32_1.1.0.202305231506/tools/bin/../lib/gcc/arm-none-eabi/11.3.1/../../../../arm-none-eabi/lib/thumb/v7-m/nofp\libc_nano.a(libc_a-findfp.o)
                              C:/ST/STM32CubeIDE_1.13.0/STM32CubeIDE/plugins/com.st.stm32cube.ide.mcu.externaltools.gnu-tools-for-stm32.11.3.rel1.win32_1.1.0.202305231506/tools/bin/../lib/gcc/arm-none-eabi/11.3.1/../../../../arm-none-eabi/lib/thumb/v7-m/nofp\libc_nano.a(libc_a-exit.o) (__stdio_exit_handler)
C:/ST/STM32CubeIDE_1.13.0/STM32CubeIDE/plugins/com.st.stm32cube.ide.mcu.externaltools.gnu-tools-for-stm32.11.3.rel1.win32_1.1.0.202305231506/tools/bin/../lib/gcc/arm-none-eabi/11.3.1/../../../../arm-none-eabi/lib/thumb/v7-m/nofp\libc_nano.a(libc_a-fwalk.o)
                              C:/ST/STM32CubeIDE_1.13.0/STM32CubeIDE/plugins/com.st.stm32cube.ide.mcu.externaltools.gnu-tools-for-stm32.11.3.rel1.win32_1.1.0.202305231506/tools/bin/../lib/gcc/arm-none-eabi/11.3.1/../../../../arm-none-eabi/lib/thumb/v7-m/nofp\libc_nano.a(libc_a-findfp.o) (_fwalk_sglue)
C:/ST/STM32CubeIDE_1.13.0/STM32CubeIDE/plugins/com.st.stm32cube.ide.mcu.externaltools.gnu-tools-for-stm32.11.3.rel1.win32_1.1.0.202305231506/tools/bin/../lib/gcc/arm-none-eabi/11.3.1/../../../../arm-none-eabi/lib/thumb/v7-m/nofp\libc_nano.a(libc_a-stdio.o)
                              C:/ST/STM32CubeIDE_1.13.0/STM32CubeIDE/plugins/com.st.stm32cube.ide.mcu.externaltools.gnu-tools-for-stm32.11.3.rel1.win32_1.1.0.202305231506/tools/bin/../lib/gcc/arm-none-eabi/11.3.1/../../../../arm-none-eabi/lib/thumb/v7-m/nofp\libc_nano.a(libc_a-findfp.o) (__sread)
C:/ST/STM32CubeIDE_1.13.0/STM32CubeIDE/plugins/com.st.stm32cube.ide.mcu.externaltools.gnu-tools-for-stm32.11.3.rel1.win32_1.1.0.202305231506/tools/bin/../lib/gcc/arm-none-eabi/11.3.1/../../../../arm-none-eabi/lib/thumb/v7-m/nofp\libc_nano.a(libc_a-memset.o)
                              C:/ST/STM32CubeIDE_1.13.0/STM32CubeIDE/plugins/com.st.stm32cube.ide.mcu.externaltools.gnu-tools-for-stm32.11.3.rel1.win32_1.1.0.202305231506/tools/bin/../lib/gcc/arm-none-eabi/11.3.1/../../../../arm-none-eabi/lib/thumb/v7-m/nofp/crt0.o (memset)
C:/ST/STM32CubeIDE_1.13.0/STM32CubeIDE/plugins/com.st.stm32cube.ide.mcu.externaltools.gnu-tools-for-stm32.11.3.rel1.win32_1.1.0.202305231506/tools/bin/../lib/gcc/arm-none-eabi/11.3.1/../../../../arm-none-eabi/lib/thumb/v7-m/nofp\libc_nano.a(libc_a-closer.o)
                              C:/ST/STM32CubeIDE_1.13.0/STM32CubeIDE/plugins/com.st.stm32cube.ide.mcu.externaltools.gnu-tools-for-stm32.11.3.rel1.win32_1.1.0.202305231506/tools/bin/../lib/gcc/arm-none-eabi/11.3.1/../../../../arm-none-eabi/lib/thumb/v7-m/nofp\libc_nano.a(libc_a-stdio.o) (_close_r)
C:/ST/STM32CubeIDE_1.13.0/STM32CubeIDE/plugins/com.st.stm32cube.ide.mcu.externaltools.gnu-tools-for-stm32.11.3.rel1.win32_1.1.0.202305231506/tools/bin/../lib/gcc/arm-none-eabi/11.3.1/../../../../arm-none-eabi/lib/thumb/v7-m/nofp\libc_nano.a(libc_a-reent.o)
                              C:/ST/STM32CubeIDE_1.13.0/STM32CubeIDE/plugins/com.st.stm32cube.ide.mcu.externaltools.gnu-tools-for-stm32.11.3.rel1.win32_1.1.0.202305231506/tools/bin/../lib/gcc/arm-none-eabi/11.3.1/../../../../arm-none-eabi/lib/thumb/v7-m/nofp\libc_nano.a(libc_a-closer.o) (errno)
C:/ST/STM32CubeIDE_1.13.0/STM32CubeIDE/plugins/com.st.stm32cube.ide.mcu.externaltools.gnu-tools-for-stm32.11.3.rel1.win32_1.1.0.202305231506/tools/bin/../lib/gcc/arm-none-eabi/11.3.1/../../../../arm-none-eabi/lib/thumb/v7-m/nofp\libc_nano.a(libc_a-impure.o)
                              C:/ST/STM32CubeIDE_1.13.0/STM32CubeIDE/plugins/com.st.stm32cube.ide.mcu.externaltools.gnu-tools-for-stm32.11.3.rel1.win32_1.1.0.202305231506/tools/bin/../lib/gcc/arm-none-eabi/11.3.1/../../../../arm-none-eabi/lib/thumb/v7-m/nofp\libc_nano.a(libc_a-reent.o) (_impure_ptr)
C:/ST/STM32CubeIDE_1.13.0/STM32CubeIDE/plugins/com.st.stm32cube.ide.mcu.externaltools.gnu-tools-for-stm32.11.3.rel1.win32_1.1.0.202305231506/tools/bin/../lib/gcc/arm-none-eabi/11.3.1/../../../../arm-none-eabi/lib/thumb/v7-m/nofp\libc_nano.a(libc_a-lseekr.o)
[...]
Memory Configuration

Name             Origin             Length             Attributes
RAM              0x0000000020000000 0x0000000000005000 xrw
FLASH            0x0000000008000000 0x0000000000010000 xr
*default*        0x0000000000000000 0xffffffffffffffff

Linker script and memory map

LOAD C:/ST/STM32CubeIDE_1.13.0/STM32CubeIDE/plugins/com.st.stm32cube.ide.mcu.externaltools.gnu-tools-for-stm32.11.3.rel1.win32_1.1.0.202305231506/tools/bin/../lib/gcc/arm-none-eabi/11.3.1/thumb/v7-m/nofp/crti.o
LOAD C:/ST/STM32CubeIDE_1.13.0/STM32CubeIDE/plugins/com.st.stm32cube.ide.mcu.externaltools.gnu-tools-for-stm32.11.3.rel1.win32_1.1.0.202305231506/tools/bin/../lib/gcc/arm-none-eabi/11.3.1/thumb/v7-m/nofp/crtbegin.o
LOAD C:/ST/STM32CubeIDE_1.13.0/STM32CubeIDE/plugins/com.st.stm32cube.ide.mcu.externaltools.gnu-tools-for-stm32.11.3.rel1.win32_1.1.0.202305231506/tools/bin/../lib/gcc/arm-none-eabi/11.3.1/../../../../arm-none-eabi/lib/thumb/v7-m/nofp/crt0.o
LOAD ./Src/EXTI.o
LOAD ./Src/GPIO.o
LOAD ./Src/LED.o
LOAD ./Src/NVIC_Program.o
LOAD ./Src/PushButton.o
LOAD ./Src/RCC_program.o
LOAD ./Src/STK_program.o
LOAD ./Src/Seg-5161BS.o
LOAD ./Src/keypad.o
LOAD ./Src/lcd.o
LOAD ./Src/main.o
LOAD ./Src/syscalls.o
LOAD ./Src/sysmem.o
LOAD ./Startup/startup_stm32f103c8tx.o
START GROUP
LOAD C:/ST/STM32CubeIDE_1.13.0/STM32CubeIDE/plugins/com.st.stm32cube.ide.mcu.externaltools.gnu-tools-for-stm32.11.3.rel1.win32_1.1.0.202305231506/tools/bin/../lib/gcc/arm-none-eabi/11.3.1/../../../../arm-none-eabi/lib/thumb/v7-m/nofp\libc_nano.a
LOAD C:/ST/STM32CubeIDE_1.13.0/STM32CubeIDE/plugins/com.st.stm32cube.ide.mcu.externaltools.gnu-tools-for-stm32.11.3.rel1.win32_1.1.0.202305231506/tools/bin/../lib/gcc/arm-none-eabi/11.3.1/../../../../arm-none-eabi/lib/thumb/v7-m/nofp\libm.a
END GROUP
START GROUP
LOAD C:/ST/STM32CubeIDE_1.13.0/STM32CubeIDE/plugins/com.st.stm32cube.ide.mcu.externaltools.gnu-tools-for-stm32.11.3.rel1.win32_1.1.0.202305231506/tools/bin/../lib/gcc/arm-none-eabi/11.3.1/thumb/v7-m/nofp\libgcc.a
LOAD C:/ST/STM32CubeIDE_1.13.0/STM32CubeIDE/plugins/com.st.stm32cube.ide.mcu.externaltools.gnu-tools-for-stm32.11.3.rel1.win32_1.1.0.202305231506/tools/bin/../lib/gcc/arm-none-eabi/11.3.1/../../../../arm-none-eabi/lib/thumb/v7-m/nofp\libg_nano.a
LOAD C:/ST/STM32CubeIDE_1.13.0/STM32CubeIDE/plugins/com.st.stm32cube.ide.mcu.externaltools.gnu-tools-for-stm32.11.3.rel1.win32_1.1.0.202305231506/tools/bin/../lib/gcc/arm-none-eabi/11.3.1/../../../../arm-none-eabi/lib/thumb/v7-m/nofp\libc_nano.a
END GROUP
START GROUP
LOAD C:/ST/STM32CubeIDE_1.13.0/STM32CubeIDE/plugins/com.st.stm32cube.ide.mcu.externaltools.gnu-tools-for-stm32.11.3.rel1.win32_1.1.0.202305231506/tools/bin/../lib/gcc/arm-none-eabi/11.3.1/thumb/v7-m/nofp\libgcc.a
LOAD C:/ST/STM32CubeIDE_1.13.0/STM32CubeIDE/plugins/com.st.stm32cube.ide.mcu.externaltools.gnu-tools-for-stm32.11.3.rel1.win32_1.1.0.202305231506/tools/bin/../lib/gcc/arm-none-eabi/11.3.1/../../../../arm-none-eabi/lib/thumb/v7-m/nofp\libc_nano.a
LOAD C:/ST/STM32CubeIDE_1.13.0/STM32CubeIDE/plugins/com.st.stm32cube.ide.mcu.externaltools.gnu-tools-for-stm32.11.3.rel1.win32_1.1.0.202305231506/tools/bin/../lib/gcc/arm-none-eabi/11.3.1/../../../../arm-none-eabi/lib/thumb/v7-m/nofp\libnosys.a
END GROUP
START GROUP
LOAD C:/ST/STM32CubeIDE_1.13.0/STM32CubeIDE/plugins/com.st.stm32cube.ide.mcu.externaltools.gnu-tools-for-stm32.11.3.rel1.win32_1.1.0.202305231506/tools/bin/../lib/gcc/arm-none-eabi/11.3.1/thumb/v7-m/nofp\libgcc.a
LOAD C:/ST/STM32CubeIDE_1.13.0/STM32CubeIDE/plugins/com.st.stm32cube.ide.mcu.externaltools.gnu-tools-for-stm32.11.3.rel1.win32_1.1.0.202305231506/tools/bin/../lib/gcc/arm-none-eabi/11.3.1/../../../../arm-none-eabi/lib/thumb/v7-m/nofp\libc_nano.a
LOAD C:/ST/STM32CubeIDE_1.13.0/STM32CubeIDE/plugins/com.st.stm32cube.ide.mcu.externaltools.gnu-tools-for-stm32.11.3.rel1.win32_1.1.0.202305231506/tools/bin/../lib/gcc/arm-none-eabi/11.3.1/../../../../arm-none-eabi/lib/thumb/v7-m/nofp\libnosys.a
END GROUP
LOAD C:/ST/STM32CubeIDE_1.13.0/STM32CubeIDE/plugins/com.st.stm32cube.ide.mcu.externaltools.gnu-tools-for-stm32.11.3.rel1.win32_1.1.0.202305231506/tools/bin/../lib/gcc/arm-none-eabi/11.3.1/thumb/v7-m/nofp/crtend.o
LOAD C:/ST/STM32CubeIDE_1.13.0/STM32CubeIDE/plugins/com.st.stm32cube.ide.mcu.externaltools.gnu-tools-for-stm32.11.3.rel1.win32_1.1.0.202305231506/tools/bin/../lib/gcc/arm-none-eabi/11.3.1/thumb/v7-m/nofp/crtn.o
                0x0000000020005000                _estack = (ORIGIN (RAM) + LENGTH (RAM))
                0x0000000000000200                _Min_Heap_Size = 0x200
                0x0000000000000400                _Min_Stack_Size = 0x400

.isr_vector     0x0000000008000000      0x130
                0x0000000008000000                . = ALIGN (0x4)
 *(.isr_vector)
 .isr_vector    0x0000000008000000      0x130 ./Startup/startup_stm32f103c8tx.o
                0x0000000008000000                g_pfnVectors
                0x0000000008000130                . = ALIGN (0x4)

.text           0x0000000008000130     0x1978
                0x0000000008000130                . = ALIGN (0x4)
 *(.text)
 .text          0x0000000008000130       0x40 C:/ST/STM32CubeIDE_1.13.0/STM32CubeIDE/plugins/com.st.stm32cube.ide.mcu.externaltools.gnu-tools-for-stm32.11.3.rel1.win32_1.1.0.202305231506/tools/bin/../lib/gcc/arm-none-eabi/11.3.1/thumb/v7-m/nofp/crtbegin.o
 .text          0x0000000008000170      0x168 C:/ST/STM32CubeIDE_1.13.0/STM32CubeIDE/plugins/com.st.stm32cube.ide.mcu.externaltools.gnu-tools-for-stm32.11.3.rel1.win32_1.1.0.202305231506/tools/bin/../lib/gcc/arm-none-eabi/11.3.1/thumb/v7-m/nofp\libgcc.a(_arm_mulsf3.o)
                0x0000000008000170                __aeabi_fmul
                0x0000000008000170                __mulsf3
 .text          0x00000000080002d8      0x378 C:/ST/STM32CubeIDE_1.13.0/STM32CubeIDE/plugins/com.st.stm32cube.ide.mcu.externaltools.gnu-tools-for-stm32.11.3.rel1.win32_1.1.0.202305231506/tools/bin/../lib/gcc/arm-none-eabi/11.3.1/thumb/v7-m/nofp\libgcc.a(_arm_addsubdf3.o)
                0x00000000080002d8                __aeabi_drsub
                0x00000000080002e0                __aeabi_dsub
                0x00000000080002e0                __subdf3
                0x00000000080002e4                __aeabi_dadd
                0x00000000080002e4                __adddf3
                0x000000000800055c                __floatunsidf
                0x000000000800055c                __aeabi_ui2d
                0x000000000800057c                __floatsidf
                0x000000000800057c                __aeabi_i2d
                0x00000000080005a0                __aeabi_f2d
                0x00000000080005a0                __extendsfdf2
                0x00000000080005e4                __floatundidf
                0x00000000080005e4                __aeabi_ul2d
                0x00000000080005f4                __floatdidf
                0x00000000080005f4                __aeabi_l2d
 .text          0x0000000008000650      0x424 C:/ST/STM32CubeIDE_1.13.0/STM32CubeIDE/plugins/com.st.stm32cube.ide.mcu.externaltools.gnu-tools-for-stm32.11.3.rel1.win32_1.1.0.202305231506/tools/bin/../lib/gcc/arm-none-eabi/11.3.1/thumb/v7-m/nofp\libgcc.a(_arm_muldivdf3.o)
                0x0000000008000650                __aeabi_dmul
                0x0000000008000650                __muldf3
                0x00000000080008a4                __divdf3
                0x00000000080008a4                __aeabi_ddiv
 .text          0x0000000008000a74       0x40 C:/ST/STM32CubeIDE_1.13.0/STM32CubeIDE/plugins/com.st.stm32cube.ide.mcu.externaltools.gnu-tools-for-stm32.11.3.rel1.win32_1.1.0.202305231506/tools/bin/../lib/gcc/arm-none-eabi/11.3.1/thumb/v7-m/nofp\libgcc.a(_arm_fixunsdfsi.o)
                0x0000000008000a74                __aeabi_d2uiz
                0x0000000008000a74                __fixunsdfsi
 *(.text*)
 .text.EXTI0_IRQHandler
                0x0000000008000ab4       0x1c ./Src/EXTI.o
                0x0000000008000ab4                EXTI0_IRQHandler
 .text.EXTI1_IRQHandler
                0x0000000008000ad0       0x1c ./Src/EXTI.o
                0x0000000008000ad0                EXTI1_IRQHandler
 .text.EXTI2_IRQHandler
                0x0000000008000aec       0x1c ./Src/EXTI.o
                0x0000000008000aec                EXTI2_IRQHandler
 .text.EXTI3_IRQHandler
                0x0000000008000b08       0x1c ./Src/EXTI.o
                0x0000000008000b08                EXTI3_IRQHandler
 .text.EXTI4_IRQHandler
                0x0000000008000b24       0x1c ./Src/EXTI.o
                0x0000000008000b24                EXTI4_IRQHandler
 .text.EXTI9_5_IRQHandler
                0x0000000008000b40       0x8c ./Src/EXTI.o
                0x0000000008000b40                EXTI9_5_IRQHandler
 .text.EXTI15_10_IRQHandler
                0x0000000008000bcc       0xc4 ./Src/EXTI.o
                0x0000000008000bcc                EXTI15_10_IRQHandler
 .text.GET_CRLH_Position
                0x0000000008000c90      0x170 ./Src/GPIO.o
                0x0000000008000c90                GET_CRLH_Position
 .text.MCAL_GPIO_Init
                0x0000000008000e00      0x102 ./Src/GPIO.o
                0x0000000008000e00                MCAL_GPIO_Init
 .text.MCAL_GPIO_ReadPin
                0x0000000008000f02       0x2e ./Src/GPIO.o
                0x0000000008000f02                MCAL_GPIO_ReadPin
 .text.MCAL_GPIO_WritePin
                0x0000000008000f30       0x2e ./Src/GPIO.o
                0x0000000008000f30                MCAL_GPIO_WritePin
 .text.MCAL_GPIO_TogglePin
                0x0000000008000f5e       0x22 ./Src/GPIO.o
                0x0000000008000f5e                MCAL_GPIO_TogglePin
 .text.HAL_LED_Init
                0x0000000008000f80       0x2c ./Src/LED.o
                0x0000000008000f80                HAL_LED_Init
 .text.HAL_LED_On
                0x0000000008000fac       0x20 ./Src/LED.o
                0x0000000008000fac                HAL_LED_On
 .text.HAL_LED_Off
                0x0000000008000fcc       0x20 ./Src/LED.o
                0x0000000008000fcc                HAL_LED_Off
 .text.HAL_LED_Toggle
                0x0000000008000fec       0x1e ./Src/LED.o
                0x0000000008000fec                HAL_LED_Toggle
 .text.HAL_PushButton_Init
                0x000000000800100a       0x86 ./Src/PushButton.o
                0x000000000800100a                HAL_PushButton_Init
 .text.HAL_PushButton_Read
                0x0000000008001090       0x94 ./Src/PushButton.o
                0x0000000008001090                HAL_PushButton_Read
 .text.MCAL_RCC_InitSysClock
                0x0000000008001124       0x68 ./Src/RCC_program.o
                0x0000000008001124                MCAL_RCC_InitSysClock
 .text.MCAL_RCC_EnablePeripheral
                0x000000000800118c       0x94 ./Src/RCC_program.o
                0x000000000800118c                MCAL_RCC_EnablePeripheral
 .text.STK_Init
                0x0000000008001220       0x40 ./Src/STK_program.o
                0x0000000008001220                STK_Init
 .text.STK_Start
                0x0000000008001260       0x1c ./Src/STK_program.o
                0x0000000008001260                STK_Start
 .text.STK_GetElapsedCounts
                0x000000000800127c       0x4c ./Src/STK_program.o
                0x000000000800127c                STK_GetElapsedCounts
 .text.STK_SetDelay_ms
                0x00000000080012c8       0x8c ./Src/STK_program.o
                0x00000000080012c8                STK_SetDelay_ms
 .text.SysTick_Handler
                0x0000000008001354       0x1c ./Src/STK_program.o
                0x0000000008001354                SysTick_Handler
 .text.HAL_SEG_init
                0x0000000008001370       0x84 ./Src/Seg-5161BS.o
                0x0000000008001370                HAL_SEG_init
 .text.HAL_SEG_DisplayNumber
                0x00000000080013f4      0x378 ./Src/Seg-5161BS.o
                0x00000000080013f4                HAL_SEG_DisplayNumber
 .text.main     0x000000000800176c       0x58 ./Src/main.o
                0x000000000800176c                main
 .text.LEDS_init
                0x00000000080017c4       0x3c ./Src/main.o
                0x00000000080017c4                LEDS_init
 .text.BUTTONS_init
                0x0000000008001800       0x18 ./Src/main.o
                0x0000000008001800                BUTTONS_init
 .text.Clear    0x0000000008001818       0x7c ./Src/main.o
                0x0000000008001818                Clear
 .text.Stop     0x0000000008001894       0xe8 ./Src/main.o
                0x0000000008001894                Stop
 .text.Ready    0x000000000800197c       0x78 ./Src/main.o
                0x000000000800197c                Ready
 .text.Reset_Handler
                0x00000000080019f4       0x50 ./Startup/startup_stm32f103c8tx.o
                0x00000000080019f4                Reset_Handler
 .text.Default_Handler
                0x0000000008001a44        0x2 ./Startup/startup_stm32f103c8tx.o
                0x0000000008001a44                TIM8_TRG_COM_IRQHandler
                0x0000000008001a44                TIM8_CC_IRQHandler
                0x0000000008001a44                DebugMon_Handler
                0x0000000008001a44                TIM1_CC_IRQHandler
                0x0000000008001a44                HardFault_Handler
                0x0000000008001a44                TIM6_IRQHandler
                0x0000000008001a44                PVD_IRQHandler
                0x0000000008001a44                SDIO_IRQHandler
                0x0000000008001a44                PendSV_Handler
                0x0000000008001a44                NMI_Handler
                0x0000000008001a44                USB_HP_CAN_TX_IRQHandler
                0x0000000008001a44                I2C2_EV_IRQHandler
                0x0000000008001a44                UsageFault_Handler
                0x0000000008001a44                ADC1_2_IRQHandler
                0x0000000008001a44                SPI1_IRQHandler
                0x0000000008001a44                CAN_SCE_IRQHandler
                0x0000000008001a44                TAMPER_IRQHandler
                0x0000000008001a44                TIM8_UP_IRQHandler
                0x0000000008001a44                DMA2_Channel2_IRQHandler
                0x0000000008001a44                DMA1_Channel4_IRQHandler
                0x0000000008001a44                USART3_IRQHandler
                0x0000000008001a44                RTC_IRQHandler
                0x0000000008001a44                DMA1_Channel7_IRQHandler
                0x0000000008001a44                UART5_IRQHandler
                0x0000000008001a44                ADC3_IRQHandler
                0x0000000008001a44                TIM4_IRQHandler
                0x0000000008001a44                CAN_RX1_IRQHandler
                0x0000000008001a44                DMA2_Channel1_IRQHandler
                0x0000000008001a44                I2C1_EV_IRQHandler
                0x0000000008001a44                DMA1_Channel6_IRQHandler
                0x0000000008001a44                UART4_IRQHandler
                0x0000000008001a44                TIM3_IRQHandler
                0x0000000008001a44                RCC_IRQHandler
                0x0000000008001a44                TIM1_TRG_COM_IRQHandler
                0x0000000008001a44                DMA1_Channel1_IRQHandler
                0x0000000008001a44                Default_Handler
                0x0000000008001a44                TIM7_IRQHandler
                0x0000000008001a44                TIM5_IRQHandler
                0x0000000008001a44                SPI2_IRQHandler
                0x0000000008001a44                USB_LP_CAN_RX0_IRQHandler
                0x0000000008001a44                MemManage_Handler
                0x0000000008001a44                SVC_Handler
                0x0000000008001a44                DMA1_Channel5_IRQHandler
                0x0000000008001a44                DMA1_Channel3_IRQHandler
                0x0000000008001a44                FSMC_IRQHandler
                0x0000000008001a44                TIM1_UP_IRQHandler
                0x0000000008001a44                WWDG_IRQHandler
                0x0000000008001a44                TIM2_IRQHandler
                0x0000000008001a44                TIM1_BRK_IRQHandler
                0x0000000008001a44                RTCAlarm_IRQHandler
                0x0000000008001a44                DMA2_Channel4_5_IRQHandler
                0x0000000008001a44                USART2_IRQHandler
                0x0000000008001a44                I2C2_ER_IRQHandler
                0x0000000008001a44                DMA1_Channel2_IRQHandler
                0x0000000008001a44                TIM8_BRK_IRQHandler
                0x0000000008001a44                FLASH_IRQHandler
                0x0000000008001a44                BusFault_Handler
                0x0000000008001a44                USART1_IRQHandler
                0x0000000008001a44                SPI3_IRQHandler
                0x0000000008001a44                I2C1_ER_IRQHandler
                0x0000000008001a44                DMA2_Channel3_IRQHandler
 *fill*         0x0000000008001a46        0x2 
 .text.__libc_init_array
                0x0000000008001a48       0x48 C:/ST/STM32CubeIDE_1.13.0/STM32CubeIDE/plugins/com.st.stm32cube.ide.mcu.externaltools.gnu-tools-for-stm32.11.3.rel1.win32_1.1.0.202305231506/tools/bin/../lib/gcc/arm-none-eabi/11.3.1/../../../../arm-none-eabi/lib/thumb/v7-m/nofp\libc_nano.a(libc_a-init.o)
                0x0000000008001a48                __libc_init_array
 *(.glue_7)
 .glue_7        0x0000000008001a90        0x0 linker stubs
 *(.glue_7t)
 .glue_7t       0x0000000008001a90        0x0 linker stubs
 *(.eh_frame)
 .eh_frame      0x0000000008001a90        0x0 C:/ST/STM32CubeIDE_1.13.0/STM32CubeIDE/plugins/com.st.stm32cube.ide.mcu.externaltools.gnu-tools-for-stm32.11.3.rel1.win32_1.1.0.202305231506/tools/bin/../lib/gcc/arm-none-eabi/11.3.1/thumb/v7-m/nofp/crtbegin.o
 *(.init)
 .init          0x0000000008001a90        0x4 C:/ST/STM32CubeIDE_1.13.0/STM32CubeIDE/plugins/com.st.stm32cube.ide.mcu.externaltools.gnu-tools-for-stm32.11.3.rel1.win32_1.1.0.202305231506/tools/bin/../lib/gcc/arm-none-eabi/11.3.1/thumb/v7-m/nofp/crti.o
                0x0000000008001a90                _init
 .init          0x0000000008001a94        0x8 C:/ST/STM32CubeIDE_1.13.0/STM32CubeIDE/plugins/com.st.stm32cube.ide.mcu.externaltools.gnu-tools-for-stm32.11.3.rel1.win32_1.1.0.202305231506/tools/bin/../lib/gcc/arm-none-eabi/11.3.1/thumb/v7-m/nofp/crtn.o
 *(.fini)
 .fini          0x0000000008001a9c        0x4 C:/ST/STM32CubeIDE_1.13.0/STM32CubeIDE/plugins/com.st.stm32cube.ide.mcu.externaltools.gnu-tools-for-stm32.11.3.rel1.win32_1.1.0.202305231506/tools/bin/../lib/gcc/arm-none-eabi/11.3.1/thumb/v7-m/nofp/crti.o
                0x0000000008001a9c                _fini
 .fini          0x0000000008001aa0        0x8 C:/ST/STM32CubeIDE_1.13.0/STM32CubeIDE/plugins/com.st.stm32cube.ide.mcu.externaltools.gnu-tools-for-stm32.11.3.rel1.win32_1.1.0.202305231506/tools/bin/../lib/gcc/arm-none-eabi/11.3.1/thumb/v7-m/nofp/crtn.o
                0x0000000008001aa8                . = ALIGN (0x4)
                0x0000000008001aa8                _etext = .

.vfp11_veneer   0x0000000008001aa8        0x0
 .vfp11_veneer  0x0000000008001aa8        0x0 linker stubs

.v4_bx          0x0000000008001aa8        0x0
 .v4_bx         0x0000000008001aa8        0x0 linker stubs

.iplt           0x0000000008001aa8        0x0
 .iplt          0x0000000008001aa8        0x0 C:/ST/STM32CubeIDE_1.13.0/STM32CubeIDE/plugins/com.st.stm32cube.ide.mcu.externaltools.gnu-tools-for-stm32.11.3.rel1.win32_1.1.0.202305231506/tools/bin/../lib/gcc/arm-none-eabi/11.3.1/thumb/v7-m/nofp/crtbegin.o

.rel.dyn        0x0000000008001aa8        0x0
 .rel.iplt      0x0000000008001aa8        0x0 C:/ST/STM32CubeIDE_1.13.0/STM32CubeIDE/plugins/com.st.stm32cube.ide.mcu.externaltools.gnu-tools-for-stm32.11.3.rel1.win32_1.1.0.202305231506/tools/bin/../lib/gcc/arm-none-eabi/11.3.1/thumb/v7-m/nofp/crtbegin.o

.rodata         0x0000000008001aa8        0x0
                0x0000000008001aa8                . = ALIGN (0x4)
 *(.rodata)
 *(.rodata*)
                0x0000000008001aa8                . = ALIGN (0x4)

.ARM.extab      0x0000000008001aa8        0x0
                0x0000000008001aa8                . = ALIGN (0x4)
 *(.ARM.extab* .gnu.linkonce.armextab.*)
                0x0000000008001aa8                . = ALIGN (0x4)

.ARM            0x0000000008001aa8        0x0
                0x0000000008001aa8                . = ALIGN (0x4)
                0x0000000008001aa8                __exidx_start = .
 *(.ARM.exidx*)
                0x0000000008001aa8                __exidx_end = .
                0x0000000008001aa8                . = ALIGN (0x4)

.preinit_array  0x0000000008001aa8        0x0
                0x0000000008001aa8                . = ALIGN (0x4)
                0x0000000008001aa8                PROVIDE (__preinit_array_start = .)
 *(.preinit_array*)
                0x0000000008001aa8                PROVIDE (__preinit_array_end = .)
                0x0000000008001aa8                . = ALIGN (0x4)

.init_array     0x0000000008001aa8        0x4
                0x0000000008001aa8                . = ALIGN (0x4)
                0x0000000008001aa8                PROVIDE (__init_array_start = .)
 *(SORT_BY_NAME(.init_array.*))
 *(.init_array*)
 .init_array    0x0000000008001aa8        0x4 C:/ST/STM32CubeIDE_1.13.0/STM32CubeIDE/plugins/com.st.stm32cube.ide.mcu.externaltools.gnu-tools-for-stm32.11.3.rel1.win32_1.1.0.202305231506/tools/bin/../lib/gcc/arm-none-eabi/11.3.1/thumb/v7-m/nofp/crtbegin.o
                0x0000000008001aac                PROVIDE (__init_array_end = .)
                0x0000000008001aac                . = ALIGN (0x4)

.fini_array     0x0000000008001aac        0x4
                0x0000000008001aac                . = ALIGN (0x4)
                [!provide]                        PROVIDE (__fini_array_start = .)
 *(SORT_BY_NAME(.fini_array.*))
 *(.fini_array*)
 .fini_array    0x0000000008001aac        0x4 C:/ST/STM32CubeIDE_1.13.0/STM32CubeIDE/plugins/com.st.stm32cube.ide.mcu.externaltools.gnu-tools-for-stm32.11.3.rel1.win32_1.1.0.202305231506/tools/bin/../lib/gcc/arm-none-eabi/11.3.1/thumb/v7-m/nofp/crtbegin.o
                [!provide]                        PROVIDE (__fini_array_end = .)
                0x0000000008001ab0                . = ALIGN (0x4)
                0x0000000008001ab0                _sidata = LOADADDR (.data)

.data           0x0000000020000000        0x4 load address 0x0000000008001ab0
                0x0000000020000000                . = ALIGN (0x4)
                0x0000000020000000                _sdata = .
 *(.data)
 *(.data*)
 .data.Next_State
                0x0000000020000000        0x1 ./Src/main.o
                0x0000000020000000                Next_State
 .data.SinglePressFlag
                0x0000000020000001        0x1 ./Src/main.o
                0x0000000020000001                SinglePressFlag
 *(.RamFunc)
 *(.RamFunc*)
                0x0000000020000004                . = ALIGN (0x4)
 *fill*         0x0000000020000002        0x2 
                0x0000000020000004                _edata = .

.igot.plt       0x0000000020000004        0x0 load address 0x0000000008001ab4
 .igot.plt      0x0000000020000004        0x0 C:/ST/STM32CubeIDE_1.13.0/STM32CubeIDE/plugins/com.st.stm32cube.ide.mcu.externaltools.gnu-tools-for-stm32.11.3.rel1.win32_1.1.0.202305231506/tools/bin/../lib/gcc/arm-none-eabi/11.3.1/thumb/v7-m/nofp/crtbegin.o
                0x0000000020000004                . = ALIGN (0x4)

.bss            0x0000000020000004       0x68 load address 0x0000000008001ab4
                0x0000000020000004                _sbss = .
                0x0000000020000004                __bss_start__ = _sbss
 *(.bss)
 .bss           0x0000000020000004       0x1c C:/ST/STM32CubeIDE_1.13.0/STM32CubeIDE/plugins/com.st.stm32cube.ide.mcu.externaltools.gnu-tools-for-stm32.11.3.rel1.win32_1.1.0.202305231506/tools/bin/../lib/gcc/arm-none-eabi/11.3.1/thumb/v7-m/nofp/crtbegin.o
 *(.bss*)
 .bss.GP_IRQ_Callback
                0x0000000020000020       0x3c ./Src/EXTI.o
                0x0000000020000020                GP_IRQ_Callback
 .bss.lastDebounceTime.0
                0x000000002000005c        0x4 ./Src/PushButton.o
 .bss.G_P_SYSfun
                0x0000000020000060        0x4 ./Src/STK_program.o
 .bss.Local_PreviousValue.0
                0x0000000020000064        0x4 ./Src/STK_program.o
 .bss.Current_State
                0x0000000020000068        0x1 ./Src/main.o
                0x0000000020000068                Current_State
 *(COMMON)
                0x000000002000006c                . = ALIGN (0x4)
 *fill*         0x0000000020000069        0x3 
                0x000000002000006c                _ebss = .
                0x000000002000006c                __bss_end__ = _ebss

._user_heap_stack
                0x000000002000006c      0x604 load address 0x0000000008001ab4
                0x0000000020000070                . = ALIGN (0x8)
 *fill*         0x000000002000006c        0x4 
                [!provide]                        PROVIDE (end = .)
                0x0000000020000070                PROVIDE (_end = .)
                0x0000000020000270                . = (. + _Min_Heap_Size)
 *fill*         0x0000000020000070      0x200 
                0x0000000020000670                . = (. + _Min_Stack_Size)
 *fill*         0x0000000020000270      0x400 
                0x0000000020000670                . = ALIGN (0x8)

/DISCARD/
 libc.a(*)
 libm.a(*)
 libgcc.a(*)

.ARM.attributes
                0x0000000000000000       0x29
 *(.ARM.attributes)
 .ARM.attributes
                0x0000000000000000       0x1d C:/ST/STM32CubeIDE_1.13.0/STM32CubeIDE/plugins/com.st.stm32cube.ide.mcu.externaltools.gnu-tools-for-stm32.11.3.rel1.win32_1.1.0.202305231506/tools/bin/../lib/gcc/arm-none-eabi/11.3.1/thumb/v7-m/nofp/crti.o
 .ARM.attributes
                0x000000000000001d       0x2d C:/ST/STM32CubeIDE_1.13.0/STM32CubeIDE/plugins/com.st.stm32cube.ide.mcu.externaltools.gnu-tools-for-stm32.11.3.rel1.win32_1.1.0.202305231506/tools/bin/../lib/gcc/arm-none-eabi/11.3.1/thumb/v7-m/nofp/crtbegin.o
 .ARM.attributes
                0x000000000000004a       0x2d ./Src/EXTI.o
 .ARM.attributes
                0x0000000000000077       0x2d ./Src/GPIO.o
 .ARM.attributes
                0x00000000000000a4       0x2d ./Src/LED.o
 .ARM.attributes
                0x00000000000000d1       0x2d ./Src/PushButton.o
 .ARM.attributes
                0x00000000000000fe       0x2d ./Src/RCC_program.o
 .ARM.attributes
                0x000000000000012b       0x2d ./Src/STK_program.o
 .ARM.attributes
                0x0000000000000158       0x2d ./Src/Seg-5161BS.o
 .ARM.attributes
                0x0000000000000185       0x2d ./Src/main.o
 .ARM.attributes
                0x00000000000001b2       0x21 ./Startup/startup_stm32f103c8tx.o
 .ARM.attributes
                0x00000000000001d3       0x2d C:/ST/STM32CubeIDE_1.13.0/STM32CubeIDE/plugins/com.st.stm32cube.ide.mcu.externaltools.gnu-tools-for-stm32.11.3.rel1.win32_1.1.0.202305231506/tools/bin/../lib/gcc/arm-none-eabi/11.3.1/../../../../arm-none-eabi/lib/thumb/v7-m/nofp\libc_nano.a(libc_a-init.o)
 .ARM.attributes
                0x0000000000000200       0x1d C:/ST/STM32CubeIDE_1.13.0/STM32CubeIDE/plugins/com.st.stm32cube.ide.mcu.externaltools.gnu-tools-for-stm32.11.3.rel1.win32_1.1.0.202305231506/tools/bin/../lib/gcc/arm-none-eabi/11.3.1/thumb/v7-m/nofp\libgcc.a(_arm_mulsf3.o)
 .ARM.attributes
                0x000000000000021d       0x1d C:/ST/STM32CubeIDE_1.13.0/STM32CubeIDE/plugins/com.st.stm32cube.ide.mcu.externaltools.gnu-tools-for-stm32.11.3.rel1.win32_1.1.0.202305231506/tools/bin/../lib/gcc/arm-none-eabi/11.3.1/thumb/v7-m/nofp\libgcc.a(_arm_addsubdf3.o)
 .ARM.attributes
                0x000000000000023a       0x1d C:/ST/STM32CubeIDE_1.13.0/STM32CubeIDE/plugins/com.st.stm32cube.ide.mcu.externaltools.gnu-tools-for-stm32.11.3.rel1.win32_1.1.0.202305231506/tools/bin/../lib/gcc/arm-none-eabi/11.3.1/thumb/v7-m/nofp\libgcc.a(_arm_muldivdf3.o)
 .ARM.attributes
                0x0000000000000257       0x1d C:/ST/STM32CubeIDE_1.13.0/STM32CubeIDE/plugins/com.st.stm32cube.ide.mcu.externaltools.gnu-tools-for-stm32.11.3.rel1.win32_1.1.0.202305231506/tools/bin/../lib/gcc/arm-none-eabi/11.3.1/thumb/v7-m/nofp\libgcc.a(_arm_fixunsdfsi.o)
 .ARM.attributes
                0x0000000000000274       0x1d C:/ST/STM32CubeIDE_1.13.0/STM32CubeIDE/plugins/com.st.stm32cube.ide.mcu.externaltools.gnu-tools-for-stm32.11.3.rel1.win32_1.1.0.202305231506/tools/bin/../lib/gcc/arm-none-eabi/11.3.1/thumb/v7-m/nofp/crtn.o
OUTPUT(Drivers.elf elf32-littlearm)
LOAD linker stubs
LOAD C:/ST/STM32CubeIDE_1.13.0/STM32CubeIDE/plugins/com.st.stm32cube.ide.mcu.externaltools.gnu-tools-for-stm32.11.3.rel1.win32_1.1.0.202305231506/tools/bin/../lib/gcc/arm-none-eabi/11.3.1/../../../../arm-none-eabi/lib/thumb/v7-m/nofp\libc.a
LOAD C:/ST/STM32CubeIDE_1.13.0/STM32CubeIDE/plugins/com.st.stm32cube.ide.mcu.externaltools.gnu-tools-for-stm32.11.3.rel1.win32_1.1.0.202305231506/tools/bin/../lib/gcc/arm-none-eabi/11.3.1/../../../../arm-none-eabi/lib/thumb/v7-m/nofp\libm.a
LOAD C:/ST/STM32CubeIDE_1.13.0/STM32CubeIDE/plugins/com.st.stm32cube.ide.mcu.externaltools.gnu-tools-for-stm32.11.3.rel1.win32_1.1.0.202305231506/tools/bin/../lib/gcc/arm-none-eabi/11.3.1/thumb/v7-m/nofp\libgcc.a

.comment        0x0000000000000000       0x43
 .comment       0x0000000000000000       0x43 C:/ST/STM32CubeIDE_1.13.0/STM32CubeIDE/plugins/com.st.stm32cube.ide.mcu.externaltools.gnu-tools-for-stm32.11.3.rel1.win32_1.1.0.202305231506/tools/bin/../lib/gcc/arm-none-eabi/11.3.1/thumb/v7-m/nofp/crtbegin.o
                                         0x44 (size before relaxing)
 .comment       0x0000000000000043       0x44 ./Src/EXTI.o
 .comment       0x0000000000000043       0x44 ./Src/GPIO.o
 .comment       0x0000000000000043       0x44 ./Src/LED.o
 .comment       0x0000000000000043       0x44 ./Src/PushButton.o
 .comment       0x0000000000000043       0x44 ./Src/RCC_program.o
 .comment       0x0000000000000043       0x44 ./Src/STK_program.o
 .comment       0x0000000000000043       0x44 ./Src/Seg-5161BS.o
 .comment       0x0000000000000043       0x44 ./Src/main.o

.debug_info     0x0000000000000000     0x1cec
 .debug_info    0x0000000000000000      0x633 ./Src/EXTI.o
 .debug_info    0x0000000000000633      0x4b9 ./Src/GPIO.o
 .debug_info    0x0000000000000aec      0x2f1 ./Src/LED.o
 .debug_info    0x0000000000000ddd      0x3a7 ./Src/PushButton.o
 .debug_info    0x0000000000001184      0x19a ./Src/RCC_program.o
 .debug_info    0x000000000000131e      0x30e ./Src/STK_program.o
 .debug_info    0x000000000000162c      0x277 ./Src/Seg-5161BS.o
 .debug_info    0x00000000000018a3      0x427 ./Src/main.o
 .debug_info    0x0000000000001cca       0x22 ./Startup/startup_stm32f103c8tx.o

.debug_abbrev   0x0000000000000000      0xa25
 .debug_abbrev  0x0000000000000000      0x1b2 ./Src/EXTI.o
 .debug_abbrev  0x00000000000001b2      0x16f ./Src/GPIO.o
 .debug_abbrev  0x0000000000000321       0xf3 ./Src/LED.o
 .debug_abbrev  0x0000000000000414      0x17b ./Src/PushButton.o
 .debug_abbrev  0x000000000000058f       0xa9 ./Src/RCC_program.o
 .debug_abbrev  0x0000000000000638      0x15f ./Src/STK_program.o
 .debug_abbrev  0x0000000000000797      0x100 ./Src/Seg-5161BS.o
 .debug_abbrev  0x0000000000000897      0x17c ./Src/main.o
 .debug_abbrev  0x0000000000000a13       0x12 ./Startup/startup_stm32f103c8tx.o

.debug_loc      0x0000000000000000      0xee8
 .debug_loc     0x0000000000000000      0x2d0 ./Src/EXTI.o
 .debug_loc     0x00000000000002d0      0x330 ./Src/GPIO.o
 .debug_loc     0x0000000000000600      0x140 ./Src/LED.o
 .debug_loc     0x0000000000000740       0xa0 ./Src/PushButton.o
 .debug_loc     0x00000000000007e0      0x164 ./Src/RCC_program.o
 .debug_loc     0x0000000000000944      0x340 ./Src/STK_program.o
 .debug_loc     0x0000000000000c84       0xf0 ./Src/Seg-5161BS.o
 .debug_loc     0x0000000000000d74      0x174 ./Src/main.o

.debug_aranges  0x0000000000000000      0x280
 .debug_aranges
                0x0000000000000000       0x78 ./Src/EXTI.o
 .debug_aranges
                0x0000000000000078       0x60 ./Src/GPIO.o
 .debug_aranges
                0x00000000000000d8       0x38 ./Src/LED.o
 .debug_aranges
                0x0000000000000110       0x28 ./Src/PushButton.o
 .debug_aranges
                0x0000000000000138       0x38 ./Src/RCC_program.o
 .debug_aranges
                0x0000000000000170       0x70 ./Src/STK_program.o
 .debug_aranges
                0x00000000000001e0       0x30 ./Src/Seg-5161BS.o
 .debug_aranges
                0x0000000000000210       0x48 ./Src/main.o
 .debug_aranges
                0x0000000000000258       0x28 ./Startup/startup_stm32f103c8tx.o

.debug_ranges   0x0000000000000000      0x1f8
 .debug_ranges  0x0000000000000000       0x68 ./Src/EXTI.o
 .debug_ranges  0x0000000000000068       0x50 ./Src/GPIO.o
 .debug_ranges  0x00000000000000b8       0x28 ./Src/LED.o
 .debug_ranges  0x00000000000000e0       0x18 ./Src/PushButton.o
 .debug_ranges  0x00000000000000f8       0x28 ./Src/RCC_program.o
 .debug_ranges  0x0000000000000120       0x60 ./Src/STK_program.o
 .debug_ranges  0x0000000000000180       0x20 ./Src/Seg-5161BS.o
 .debug_ranges  0x00000000000001a0       0x38 ./Src/main.o
 .debug_ranges  0x00000000000001d8       0x20 ./Startup/startup_stm32f103c8tx.o

.debug_macro    0x0000000000000000     0x2dd4
 .debug_macro   0x0000000000000000      0x164 ./Src/EXTI.o
 .debug_macro   0x0000000000000164      0xaa2 ./Src/EXTI.o
 .debug_macro   0x0000000000000c06       0x24 ./Src/EXTI.o
 .debug_macro   0x0000000000000c2a       0x22 ./Src/EXTI.o
 .debug_macro   0x0000000000000c4c       0x5b ./Src/EXTI.o
 .debug_macro   0x0000000000000ca7       0x94 ./Src/EXTI.o
 .debug_macro   0x0000000000000d3b       0x43 ./Src/EXTI.o
 .debug_macro   0x0000000000000d7e       0x34 ./Src/EXTI.o
 .debug_macro   0x0000000000000db2       0x16 ./Src/EXTI.o
 .debug_macro   0x0000000000000dc8      0x10e ./Src/EXTI.o
 .debug_macro   0x0000000000000ed6       0x8d ./Src/EXTI.o
 .debug_macro   0x0000000000000f63       0x16 ./Src/EXTI.o
 .debug_macro   0x0000000000000f79       0x43 ./Src/EXTI.o
 .debug_macro   0x0000000000000fbc       0x57 ./Src/EXTI.o
 .debug_macro   0x0000000000001013       0x34 ./Src/EXTI.o
 .debug_macro   0x0000000000001047       0x10 ./Src/EXTI.o
 .debug_macro   0x0000000000001057       0x58 ./Src/EXTI.o
 .debug_macro   0x00000000000010af       0x8e ./Src/EXTI.o
 .debug_macro   0x000000000000113d       0x1c ./Src/EXTI.o
 .debug_macro   0x0000000000001159      0x177 ./Src/EXTI.o
 .debug_macro   0x00000000000012d0      0x369 ./Src/EXTI.o
 .debug_macro   0x0000000000001639       0x16 ./Src/EXTI.o
 .debug_macro   0x000000000000164f       0x29 ./Src/EXTI.o
 .debug_macro   0x0000000000001678      0x103 ./Src/EXTI.o
 .debug_macro   0x000000000000177b       0x6a ./Src/EXTI.o
 .debug_macro   0x00000000000017e5      0x1df ./Src/EXTI.o
 .debug_macro   0x00000000000019c4       0x2e ./Src/EXTI.o
 .debug_macro   0x00000000000019f2      0x193 ./Src/EXTI.o
 .debug_macro   0x0000000000001b85       0xd6 ./Src/EXTI.o
 .debug_macro   0x0000000000001c5b      0x22f ./Src/EXTI.o
 .debug_macro   0x0000000000001e8a      0x155 ./Src/GPIO.o
 .debug_macro   0x0000000000001fdf       0xd0 ./Src/GPIO.o
 .debug_macro   0x00000000000020af      0x179 ./Src/LED.o
 .debug_macro   0x0000000000002228       0x3a ./Src/LED.o
 .debug_macro   0x0000000000002262       0x88 ./Src/LED.o
 .debug_macro   0x00000000000022ea      0x17e ./Src/PushButton.o
 .debug_macro   0x0000000000002468       0x22 ./Src/PushButton.o
 .debug_macro   0x000000000000248a       0x94 ./Src/PushButton.o
 .debug_macro   0x000000000000251e       0x3e ./Src/RCC_program.o
 .debug_macro   0x000000000000255c      0x154 ./Src/RCC_program.o
 .debug_macro   0x00000000000026b0      0x16e ./Src/RCC_program.o
 .debug_macro   0x000000000000281e       0x46 ./Src/RCC_program.o
 .debug_macro   0x0000000000002864       0x3f ./Src/STK_program.o
 .debug_macro   0x00000000000028a3       0x58 ./Src/STK_program.o
 .debug_macro   0x00000000000028fb       0x16 ./Src/STK_program.o
 .debug_macro   0x0000000000002911      0x167 ./Src/Seg-5161BS.o
 .debug_macro   0x0000000000002a78       0x3a ./Src/Seg-5161BS.o
 .debug_macro   0x0000000000002ab2      0x1e2 ./Src/main.o
 .debug_macro   0x0000000000002c94       0x8e ./Src/main.o
 .debug_macro   0x0000000000002d22       0x51 ./Src/main.o
 .debug_macro   0x0000000000002d73       0x61 ./Src/main.o

.debug_line     0x0000000000000000     0x31c7
 .debug_line    0x0000000000000000      0x9d8 ./Src/EXTI.o
 .debug_line    0x00000000000009d8      0x7ca ./Src/GPIO.o
 .debug_line    0x00000000000011a2      0x60b ./Src/LED.o
 .debug_line    0x00000000000017ad      0x67c ./Src/PushButton.o
 .debug_line    0x0000000000001e29      0x18e ./Src/RCC_program.o
 .debug_line    0x0000000000001fb7      0x34d ./Src/STK_program.o
 .debug_line    0x0000000000002304      0x6b9 ./Src/Seg-5161BS.o
 .debug_line    0x00000000000029bd      0x786 ./Src/main.o
 .debug_line    0x0000000000003143       0x84 ./Startup/startup_stm32f103c8tx.o

.debug_str      0x0000000000000000     0xaa0b
 .debug_str     0x0000000000000000     0x91b8 ./Src/EXTI.o
                                       0x93bf (size before relaxing)
 .debug_str     0x00000000000091b8      0x143 ./Src/GPIO.o
                                       0x7fdd (size before relaxing)
 .debug_str     0x00000000000092fb      0x2fd ./Src/LED.o
                                       0x81c1 (size before relaxing)
 .debug_str     0x00000000000095f8      0x37d ./Src/PushButton.o
                                       0x8312 (size before relaxing)
 .debug_str     0x0000000000009975      0xb3d ./Src/RCC_program.o
                                       0x3b17 (size before relaxing)
 .debug_str     0x000000000000a4b2      0x321 ./Src/STK_program.o
                                       0x334a (size before relaxing)
 .debug_str     0x000000000000a7d3       0xe1 ./Src/Seg-5161BS.o
                                       0x8065 (size before relaxing)
 .debug_str     0x000000000000a8b4      0x128 ./Src/main.o
                                       0x8a62 (size before relaxing)
 .debug_str     0x000000000000a9dc       0x2f ./Startup/startup_stm32f103c8tx.o
                                         0x6a (size before relaxing)

.debug_frame    0x0000000000000000      0x8f8
 .debug_frame   0x0000000000000000      0x18c ./Src/EXTI.o
 .debug_frame   0x000000000000018c      0x174 ./Src/GPIO.o
 .debug_frame   0x0000000000000300       0xa0 ./Src/LED.o
 .debug_frame   0x00000000000003a0       0x58 ./Src/PushButton.o
 .debug_frame   0x00000000000003f8       0xac ./Src/RCC_program.o
 .debug_frame   0x00000000000004a4      0x190 ./Src/STK_program.o
 .debug_frame   0x0000000000000634       0x84 ./Src/Seg-5161BS.o
 .debug_frame   0x00000000000006b8       0xd0 ./Src/main.o
 .debug_frame   0x0000000000000788       0x2c C:/ST/STM32CubeIDE_1.13.0/STM32CubeIDE/plugins/com.st.stm32cube.ide.mcu.externaltools.gnu-tools-for-stm32.11.3.rel1.win32_1.1.0.202305231506/tools/bin/../lib/gcc/arm-none-eabi/11.3.1/../../../../arm-none-eabi/lib/thumb/v7-m/nofp\libc_nano.a(libc_a-init.o)
 .debug_frame   0x00000000000007b4       0x24 C:/ST/STM32CubeIDE_1.13.0/STM32CubeIDE/plugins/com.st.stm32cube.ide.mcu.externaltools.gnu-tools-for-stm32.11.3.rel1.win32_1.1.0.202305231506/tools/bin/../lib/gcc/arm-none-eabi/11.3.1/thumb/v7-m/nofp\libgcc.a(_arm_mulsf3.o)
 .debug_frame   0x00000000000007d8       0xac C:/ST/STM32CubeIDE_1.13.0/STM32CubeIDE/plugins/com.st.stm32cube.ide.mcu.externaltools.gnu-tools-for-stm32.11.3.rel1.win32_1.1.0.202305231506/tools/bin/../lib/gcc/arm-none-eabi/11.3.1/thumb/v7-m/nofp\libgcc.a(_arm_addsubdf3.o)
 .debug_frame   0x0000000000000884       0x50 C:/ST/STM32CubeIDE_1.13.0/STM32CubeIDE/plugins/com.st.stm32cube.ide.mcu.externaltools.gnu-tools-for-stm32.11.3.rel1.win32_1.1.0.202305231506/tools/bin/../lib/gcc/arm-none-eabi/11.3.1/thumb/v7-m/nofp\libgcc.a(_arm_muldivdf3.o)
 .debug_frame   0x00000000000008d4       0x24 C:/ST/STM32CubeIDE_1.13.0/STM32CubeIDE/plugins/com.st.stm32cube.ide.mcu.externaltools.gnu-tools-for-stm32.11.3.rel1.win32_1.1.0.202305231506/tools/bin/../lib/gcc/arm-none-eabi/11.3.1/thumb/v7-m/nofp\libgcc.a(_arm_fixunsdfsi.o)
